
Allocating common symbols
Common symbol       size              file

buttons             0x2               C:\users\greg\Temp\cc7oU1Sy.o
vertexBuffer        0x4e20            C:\users\greg\Temp\cc7oU1Sy.o
cam                 0x90              C:\users\greg\Temp\cc7oU1Sy.o

Memory Configuration

Name             Origin             Length             Attributes
wram             0x05000000         0x00010000         !r
rom              0x07000000         0x01000000         xr
*default*        0x00000000         0xffffffff

Linker script and memory map

LOAD c:/vbde/gccvb/bin/../lib/gcc/v810/4.4.2/../../../../v810/lib/crt0.o
LOAD C:\users\greg\Temp\cc7oU1Sy.o
TARGET(elf32-v810)
                0x07000000                __text_start = 0x7000000
                0x05000000                __data_start = 0x5000000
                0x05008000                __gp = (__data_start + 0x8000)
                0x07000000                . = __text_start

.text           0x07000000     0x41bc
 *(.text)
 .text          0x07000000      0x28e c:/vbde/gccvb/bin/../lib/gcc/v810/4.4.2/../../../../v810/lib/crt0.o
                0x07000000                start
                0x07000180                _inthnd
 *fill*         0x0700028e        0x2 ff
 .text          0x07000290     0x3f2c C:\users\greg\Temp\cc7oU1Sy.o
                0x07000290                vbWaitFrame
                0x07000300                vbDisplayOn
                0x070004c8                vbDisplayOff
                0x07000540                vbDisplayShow
                0x0700058c                vbDisplayHide
                0x070005cc                vbFXFadeIn
                0x07000678                vbFXFadeOut
                0x0700072c                vbSetColTable
                0x0700084c                affine_clr_param
                0x070008d8                affine_scale
                0x07000ac4                affine_fast_scale
                0x07000bec                set_intlevel
                0x07000c10                get_intlevel
                0x07000c28                vbReadPad
                0x07000c94                vbPadKeyDown
                0x07000cf8                vbPadKeyUp
                0x07000d5c                copymem
                0x07000dbc                setmem
                0x07000e0c                addmem
                0x07000f70                cls
                0x07000f9c                vbTextOut
                0x07001044                vbPrint
                0x070011bc                vbSetObject
                0x070012b0                randseed
                0x0700134c                randnum
                0x07001364                vbSetWorld
                0x07001538                timer_enable
                0x070015b0                timer_get
                0x070015e4                timer_set
                0x0700162c                timer_freq
                0x070016a4                timer_int
                0x0700171c                timer_getstat
                0x0700173c                timer_clearstat
                0x0700176c                g3d_copyVector3d
                0x070017c8                g3d_scale
                0x070018c8                g3d_rotateXAxis
                0x07001950                g3d_rotateYAxis
                0x070019d8                g3d_rotateZAxis
                0x07001a60                g3d_rotateAllAxis
                0x07001be8                g3d_translate
                0x07001c3c                g3d_cameraRotateAllAxis
                0x07001cac                g3d_cameraTranslate
                0x07001d00                g3d_renderVector3d
                0x07002044                g3d_calculateProjection
                0x070020d4                g3d_drawObject
                0x0700249c                g3d_clipLine
                0x0700299c                drawPoint
                0x07002b24                g3d_drawLine
                0x07002eb8                g3d_initObject
                0x07002fa8                g3d_moveObject
                0x07003454                g3d_moveCamera
                0x07003824                main
                0x07003be4                timeHnd
                0x07003c78                handleInput
                0x07003e8c                initObjects
                0x07003f3c                vbInit
                0x070040c0                screenControl
 *(.text.*)
 *(.gnu.warning)
 *(.gnu.linkonce.t*)
                0x070041bc                __text_end = .

.rodata         0x070041bc     0x2c58
 *(.rodata)
 .rodata        0x070041bc     0x2c58 C:\users\greg\Temp\cc7oU1Sy.o
                0x070041bc                L_FRAME0
                0x070041c0                L_FRAME1
                0x070041c4                R_FRAME0
                0x070041c8                R_FRAME1
                0x070041cc                BGMM
                0x070041d0                WAM
                0x070041d4                CLMN_TBL
                0x070041d8                OAM
                0x070041dc                colTable
                0x0700425c                WAVEDATA1
                0x07004260                WAVEDATA2
                0x07004264                WAVEDATA3
                0x07004268                WAVEDATA4
                0x0700426c                WAVEDATA5
                0x07004270                MODDATA
                0x07004274                SND_REGS
                0x07004278                jump_addr
                0x0700428c                HW_REGS
                0x07004290                EXPANSION
                0x07004294                WORKRAM
                0x07004298                SAVERAM
                0x0700429c                nums
                0x070042ac                WA
                0x070042b0                cosine
                0x07004850                sine
                0x07004df0                PVB_FONT
 *all.rodata*(*)
 *(.roda)
 *(.rodata.*)
 *(.gnu.linkonce.r*)
                0x07006e14                __data_lma = .

.data           0x05000000      0x744 load address 0x07006e14
 *(.data)
 .data          0x05000000        0x0 c:/vbde/gccvb/bin/../lib/gcc/v810/4.4.2/../../../../v810/lib/crt0.o
 .data          0x05000000      0x744 C:\users\greg\Temp\cc7oU1Sy.o
                0x05000000                VIP_REGS
                0x05000004                currentFrameBuffer
                0x05000008                tank
                0x05000634                map
 *(.data.*)
 *(.gnu.linkonce.d*)

.sdata
 *(.sdata)
                0x05000744                __data_end = .

.sbss
 *(.sbss)
 *(.scommon)

.bss            0x05000744     0x4ef4 load address 0x07007558
 *(.dynbss)
 *(.bss)
 .bss           0x05000744        0x0 c:/vbde/gccvb/bin/../lib/gcc/v810/4.4.2/../../../../v810/lib/crt0.o
 .bss           0x05000744       0x40 C:\users\greg\Temp\cc7oU1Sy.o
                0x05000744                oldkeydown
                0x05000746                oldkeyup
                0x05000748                tcr_val
                0x0500074c                numVertices
                0x05000750                nextFrameBuffer
                0x05000754                FPS
                0x05000758                tick
                0x0500075c                tickStart
                0x05000760                tickEnd
                0x05000764                tickDraw
                0x05000768                tickRender
                0x0500076c                tickProject
                0x05000770                modelnum
                0x05000774                vertexCount
 *(COMMON)
 COMMON         0x05000784     0x4eb4 C:\users\greg\Temp\cc7oU1Sy.o
                0x05000784                buttons
                0x05000788                vertexBuffer
                0x050055a8                cam
                0x07007558                v = (__data_lma + (__data_end - __data_start))
                [0x00007fff]                v = (v + 0x21f)
                [0x00007fff]                v = (v & 0xffffff)
                [0x00007fff]                v = (v | (v >> 0x1))
                [0x00007fff]                v = (v | (v >> 0x2))
                [0x00007fff]                v = (v | (v >> 0x4))
                [0x00007fff]                v = (v | (v >> 0x8))
                [0x00007fff]                v = (v | (v >> 0x10))
                0x07007fff                __vectors_end = (__text_start + v)
                0x07007de0                __vectors_lma = (__vectors_end - 0x21f)

.vectors        0x07007de0      0x220
 *(.vectors)
 .vectors       0x07007de0      0x220 c:/vbde/gccvb/bin/../lib/gcc/v810/4.4.2/../../../../v810/lib/crt0.o
                0x07007de0                rom_header
OUTPUT(Combat.o elf32-v810)

.comment        0x00000000       0x11
 .comment       0x00000000       0x11 C:\users\greg\Temp\cc7oU1Sy.o
                                 0x12 (size before relaxing)
