
Allocating common symbols
Common symbol       size              file

buttons             0x2               C:\users\greg\Temp\ccP63b4w.o
level1              0x4               C:\users\greg\Temp\ccP63b4w.o
enemyTable          0xcc0             C:\users\greg\Temp\ccP63b4w.o
vertexBuffer        0x4e20            C:\users\greg\Temp\ccP63b4w.o
objectTable         0xcc0             C:\users\greg\Temp\ccP63b4w.o
laserTable          0x330             C:\users\greg\Temp\ccP63b4w.o
cam                 0x90              C:\users\greg\Temp\ccP63b4w.o

Memory Configuration

Name             Origin             Length             Attributes
wram             0x05000000         0x00010000         !r
rom              0x07000000         0x01000000         xr
*default*        0x00000000         0xffffffff

Linker script and memory map

LOAD c:/vbde/gccvb/bin/../lib/gcc/v810/4.4.2/../../../../v810/lib/crt0.o
LOAD C:\users\greg\Temp\ccP63b4w.o
TARGET(elf32-v810)
                0x07000000                __text_start = 0x7000000
                0x05000000                __data_start = 0x5000000
                0x05008000                __gp = (__data_start + 0x8000)
                0x07000000                . = __text_start

.text           0x07000000     0x5d48
 *(.text)
 .text          0x07000000      0x28e c:/vbde/gccvb/bin/../lib/gcc/v810/4.4.2/../../../../v810/lib/crt0.o
                0x07000000                start
                0x07000180                _inthnd
 *fill*         0x0700028e        0x2 ff
 .text          0x07000290     0x5ab8 C:\users\greg\Temp\ccP63b4w.o
                0x07000290                vbWaitFrame
                0x07000300                vbDisplayOn
                0x070004c8                vbDisplayOff
                0x07000540                vbDisplayShow
                0x0700058c                vbDisplayHide
                0x070005cc                vbFXFadeIn
                0x07000678                vbFXFadeOut
                0x0700072c                vbSetColTable
                0x0700084c                affine_clr_param
                0x070008d8                affine_scale
                0x07000ac4                affine_fast_scale
                0x07000bec                set_intlevel
                0x07000c10                get_intlevel
                0x07000c28                vbReadPad
                0x07000c94                vbPadKeyDown
                0x07000cf8                vbPadKeyUp
                0x07000d5c                copymem
                0x07000dbc                setmem
                0x07000e0c                addmem
                0x07000f70                cls
                0x07000f9c                vbTextOut
                0x07001044                vbPrint
                0x070011bc                vbSetObject
                0x070012b0                randseed
                0x0700134c                randnum
                0x07001364                vbSetWorld
                0x07001538                timer_enable
                0x070015b0                timer_get
                0x070015e4                timer_set
                0x0700162c                timer_freq
                0x070016a4                timer_int
                0x0700171c                timer_getstat
                0x0700173c                timer_clearstat
                0x0700176c                g3d_copyVector3d
                0x070017a8                g3d_scale
                0x07001864                g3d_rotateXAxis
                0x070018ec                g3d_rotateYAxis
                0x07001974                g3d_rotateZAxis
                0x070019fc                g3d_rotateAllAxis
                0x07001b84                g3d_translate
                0x07001bc8                g3d_cameraRotateAllAxis
                0x07001c44                g3d_cameraTranslate
                0x07001c88                g3d_renderVector3d
                0x07001fe0                g3d_calculateProjection
                0x07002070                g3d_drawObject
                0x07002280                g3d_renderObject
                0x0700261c                g3d_clipObject
                0x070027dc                g3d_clipZAxis
                0x07002998                drawPoint
                0x07002b20                g3d_drawLine
                0x07002e54                g3d_initObject
                0x07002f5c                g3d_moveObject
                0x070033a0                g3d_moveCamera
                0x07003770                main
                0x07004008                intro1
                0x070042e4                intro3
                0x0700441c                intro2
                0x070044e8                initEnemyTable
                0x0700452c                initObjectTable
                0x07004570                doReadMapRow
                0x07004aec                doLaserFire
                0x07004d98                doMoveEnemy
                0x07004fbc                doGroundEffects
                0x070050f0                timeHnd
                0x07005410                handleInput
                0x07005830                initObjects
                0x070058e0                vbInit
                0x07005c4c                screenControl
 *(.text.*)
 *(.gnu.warning)
 *(.gnu.linkonce.t*)
                0x07005d48                __text_end = .

.rodata         0x07005d48     0x5df0
 *(.rodata)
 .rodata        0x07005d48     0x5df0 C:\users\greg\Temp\ccP63b4w.o
                0x07005d48                L_FRAME0
                0x07005d4c                L_FRAME1
                0x07005d50                R_FRAME0
                0x07005d54                R_FRAME1
                0x07005d58                BGMM
                0x07005d5c                WAM
                0x07005d60                CLMN_TBL
                0x07005d64                OAM
                0x07005d68                colTable
                0x07005de8                WAVEDATA1
                0x07005dec                WAVEDATA2
                0x07005df0                WAVEDATA3
                0x07005df4                WAVEDATA4
                0x07005df8                WAVEDATA5
                0x07005dfc                MODDATA
                0x07005e00                SND_REGS
                0x07005e04                jump_addr
                0x07005e18                HW_REGS
                0x07005e1c                EXPANSION
                0x07005e20                WORKRAM
                0x07005e24                SAVERAM
                0x07005e28                nums
                0x07005e38                WA
                0x07005e3c                cosine
                0x070063dc                sine
                0x0700697c                Letter_S
                0x070069f8                Letter_T
                0x07006a44                Letter_A
                0x07006aa4                Letter_R
                0x07006b2c                Letter_F
                0x07006b8c                Letter_O
                0x07006be8                Letter_X
                0x07006c34                Level1
                0x07006c94                Fighter
                0x07006e18                Tree
                0x07006f40                Phantron
                0x0700718c                Dart
                0x07007320                GroundEffect
                0x0700734c                Building
                0x07007418                Laser
                0x07007484                HealthRing
                0x07007580                ArwingPicture
                0x070082d0                ArwingPictureBGM
                0x07008f50                HitSound
                0x0700967c                LaserSound
                0x07009932                PVB_FONT
 *all.rodata*(*)
 *(.roda)
 *(.rodata.*)
 *(.gnu.linkonce.r*)
                0x0700bb38                __data_lma = .

.data           0x05000000       0x58 load address 0x0700bb38
 *(.data)
 .data          0x05000000        0x0 c:/vbde/gccvb/bin/../lib/gcc/v810/4.4.2/../../../../v810/lib/crt0.o
 .data          0x05000000       0x58 C:\users\greg\Temp\ccP63b4w.o
                0x05000000                VIP_REGS
                0x05000004                currentFrameBuffer
                0x05000008                EnemyObjectDataTable
                0x05000010                StaticObjectDataTable
                0x05000018                movePath
                0x05000054                mapRowIdx
 *(.data.*)
 *(.gnu.linkonce.d*)

.sdata
 *(.sdata)
                0x05000058                __data_end = .

.sbss
 *(.sbss)
 *(.scommon)

.bss            0x05000058     0x6ba8 load address 0x0700bb90
 *(.dynbss)
 *(.bss)
 .bss           0x05000058        0x0 c:/vbde/gccvb/bin/../lib/gcc/v810/4.4.2/../../../../v810/lib/crt0.o
 .bss           0x05000058       0x40 C:\users\greg\Temp\ccP63b4w.o
                0x05000058                oldkeydown
                0x0500005a                oldkeyup
                0x0500005c                tcr_val
                0x05000060                numVertices
                0x05000064                nextFrameBuffer
                0x05000068                frameSkip
                0x05000069                fireLaser
                0x0500006a                laserFrame
                0x0500006b                frameSkipCount
                0x0500006c                tick
                0x05000070                tickMax
                0x05000074                tickStart
                0x05000078                tickEnd
                0x0500007c                Channel1Pos
                0x0500007e                Channel1Max
                0x05000080                Channel1Play
                0x05000081                Channel1Nibble
                0x05000082                Channel2Pos
                0x05000084                Channel2Max
                0x05000086                Channel2Play
                0x05000087                Channel2Nibble
                0x05000088                movePathIdx
                0x05000089                mapEnd
 *(COMMON)
 COMMON         0x05000098     0x6b68 C:\users\greg\Temp\ccP63b4w.o
                0x05000098                buttons
                0x0500009c                level1
                0x050000a0                enemyTable
                0x05000d60                vertexBuffer
                0x05005b80                objectTable
                0x05006840                laserTable
                0x05006b70                cam
                0x0700bb90                v = (__data_lma + (__data_end - __data_start))
                [0x0000ffff]                v = (v + 0x21f)
                [0x0000ffff]                v = (v & 0xffffff)
                [0x0000ffff]                v = (v | (v >> 0x1))
                [0x0000ffff]                v = (v | (v >> 0x2))
                [0x0000ffff]                v = (v | (v >> 0x4))
                [0x0000ffff]                v = (v | (v >> 0x8))
                [0x0000ffff]                v = (v | (v >> 0x10))
                0x0700ffff                __vectors_end = (__text_start + v)
                0x0700fde0                __vectors_lma = (__vectors_end - 0x21f)

.vectors        0x0700fde0      0x220
 *(.vectors)
 .vectors       0x0700fde0      0x220 c:/vbde/gccvb/bin/../lib/gcc/v810/4.4.2/../../../../v810/lib/crt0.o
                0x0700fde0                rom_header
OUTPUT(Combat.o elf32-v810)

.comment        0x00000000       0x11
 .comment       0x00000000       0x11 C:\users\greg\Temp\ccP63b4w.o
                                 0x12 (size before relaxing)
