
Allocating common symbols
Common symbol       size              file

objFighter          0xc8              C:\users\greg\Temp\ccdfp7AJ.o
objTree             0x3e8             C:\users\greg\Temp\ccdfp7AJ.o
buttons             0x2               C:\users\greg\Temp\ccdfp7AJ.o
vertexBuffer        0x4e20            C:\users\greg\Temp\ccdfp7AJ.o
cam                 0x90              C:\users\greg\Temp\ccdfp7AJ.o

Memory Configuration

Name             Origin             Length             Attributes
wram             0x05000000         0x00010000         !r
rom              0x07000000         0x01000000         xr
*default*        0x00000000         0xffffffff

Linker script and memory map

LOAD c:/vbde/gccvb/bin/../lib/gcc/v810/4.4.2/../../../../v810/lib/crt0.o
LOAD C:\users\greg\Temp\ccdfp7AJ.o
TARGET(elf32-v810)
                0x07000000                __text_start = 0x7000000
                0x05000000                __data_start = 0x5000000
                0x05008000                __gp = (__data_start + 0x8000)
                0x07000000                . = __text_start

.text           0x07000000     0x405c
 *(.text)
 .text          0x07000000      0x28e c:/vbde/gccvb/bin/../lib/gcc/v810/4.4.2/../../../../v810/lib/crt0.o
                0x07000000                start
                0x07000180                _inthnd
 *fill*         0x0700028e        0x2 ff
 .text          0x07000290     0x3dcc C:\users\greg\Temp\ccdfp7AJ.o
                0x07000290                vbWaitFrame
                0x07000300                vbDisplayOn
                0x070004c8                vbDisplayOff
                0x07000540                vbDisplayShow
                0x0700058c                vbDisplayHide
                0x070005cc                vbFXFadeIn
                0x07000678                vbFXFadeOut
                0x0700072c                vbSetColTable
                0x0700084c                affine_clr_param
                0x070008d8                affine_scale
                0x07000ac4                affine_fast_scale
                0x07000bec                set_intlevel
                0x07000c10                get_intlevel
                0x07000c28                vbReadPad
                0x07000c94                vbPadKeyDown
                0x07000cf8                vbPadKeyUp
                0x07000d5c                copymem
                0x07000dbc                setmem
                0x07000e0c                addmem
                0x07000f70                cls
                0x07000f9c                vbTextOut
                0x07001044                vbPrint
                0x070011bc                vbSetObject
                0x070012b0                randseed
                0x0700134c                randnum
                0x07001364                vbSetWorld
                0x07001538                timer_enable
                0x070015b0                timer_get
                0x070015e4                timer_set
                0x0700162c                timer_freq
                0x070016a4                timer_int
                0x0700171c                timer_getstat
                0x0700173c                timer_clearstat
                0x0700176c                g3d_copyVector3d
                0x070017c8                g3d_scale
                0x070018c8                g3d_rotateXAxis
                0x07001950                g3d_rotateYAxis
                0x070019d8                g3d_rotateZAxis
                0x07001a60                g3d_rotateAllAxis
                0x07001be8                g3d_translate
                0x07001c3c                g3d_cameraRotateAllAxis
                0x07001cac                g3d_cameraTranslate
                0x07001d00                g3d_renderVector3d
                0x07002044                g3d_calculateProjection
                0x070020d4                g3d_drawObject
                0x070024c8                g3d_clipObject
                0x07002670                g3d_clipZAxis
                0x0700282c                drawPoint
                0x070029b4                g3d_drawLine
                0x07002ce8                g3d_initObject
                0x07002dd8                g3d_moveObject
                0x07003284                g3d_moveCamera
                0x07003654                main
                0x07003a1c                timeHnd
                0x07003ab0                handleInput
                0x07003d8c                initObjects
                0x07003e3c                vbInit
                0x07003f60                screenControl
 *(.text.*)
 *(.gnu.warning)
 *(.gnu.linkonce.t*)
                0x0700405c                __text_end = .

.rodata         0x0700405c     0x3574
 *(.rodata)
 .rodata        0x0700405c     0x3574 C:\users\greg\Temp\ccdfp7AJ.o
                0x0700405c                L_FRAME0
                0x07004060                L_FRAME1
                0x07004064                R_FRAME0
                0x07004068                R_FRAME1
                0x0700406c                BGMM
                0x07004070                WAM
                0x07004074                CLMN_TBL
                0x07004078                OAM
                0x0700407c                colTable
                0x070040fc                WAVEDATA1
                0x07004100                WAVEDATA2
                0x07004104                WAVEDATA3
                0x07004108                WAVEDATA4
                0x0700410c                WAVEDATA5
                0x07004110                MODDATA
                0x07004114                SND_REGS
                0x07004118                jump_addr
                0x0700412c                HW_REGS
                0x07004130                EXPANSION
                0x07004134                WORKRAM
                0x07004138                SAVERAM
                0x0700413c                nums
                0x0700414c                WA
                0x07004150                cosine
                0x070046f0                sine
                0x07004c90                Fighter
                0x07004e14                Tree
                0x07004f3c                PVB_FONT
                0x07006f3c                crossHairsChars
                0x070071ac                crossHairsBGMap
 *all.rodata*(*)
 *(.roda)
 *(.rodata.*)
 *(.gnu.linkonce.r*)
                0x070075d0                __data_lma = .

.data           0x05000000        0xc load address 0x070075d0
 *(.data)
 .data          0x05000000        0x0 c:/vbde/gccvb/bin/../lib/gcc/v810/4.4.2/../../../../v810/lib/crt0.o
 .data          0x05000000        0xc C:\users\greg\Temp\ccdfp7AJ.o
                0x05000000                VIP_REGS
                0x05000004                currentFrameBuffer
 *(.data.*)
 *(.gnu.linkonce.d*)

.sdata
 *(.sdata)
                0x0500000c                __data_end = .

.sbss
 *(.sbss)
 *(.scommon)

.bss            0x0500000c     0x53a4 load address 0x070075dc
 *(.dynbss)
 *(.bss)
 .bss           0x0500000c        0x0 c:/vbde/gccvb/bin/../lib/gcc/v810/4.4.2/../../../../v810/lib/crt0.o
 .bss           0x0500000c       0x40 C:\users\greg\Temp\ccdfp7AJ.o
                0x0500000c                oldkeydown
                0x0500000e                oldkeyup
                0x05000010                tcr_val
                0x05000014                numVertices
                0x05000018                nextFrameBuffer
                0x0500001c                FPS
                0x05000020                tick
                0x05000024                tickStart
                0x05000028                tickEnd
                0x0500002c                tickDraw
                0x05000030                tickRender
                0x05000034                tickProject
                0x05000038                modelnum
                0x0500003c                vertexCount
 *(COMMON)
 COMMON         0x0500004c     0x5364 C:\users\greg\Temp\ccdfp7AJ.o
                0x0500004c                objFighter
                0x05000114                objTree
                0x050004fc                buttons
                0x05000500                vertexBuffer
                0x05005320                cam
                0x070075dc                v = (__data_lma + (__data_end - __data_start))
                [0x00007fff]                v = (v + 0x21f)
                [0x00007fff]                v = (v & 0xffffff)
                [0x00007fff]                v = (v | (v >> 0x1))
                [0x00007fff]                v = (v | (v >> 0x2))
                [0x00007fff]                v = (v | (v >> 0x4))
                [0x00007fff]                v = (v | (v >> 0x8))
                [0x00007fff]                v = (v | (v >> 0x10))
                0x07007fff                __vectors_end = (__text_start + v)
                0x07007de0                __vectors_lma = (__vectors_end - 0x21f)

.vectors        0x07007de0      0x220
 *(.vectors)
 .vectors       0x07007de0      0x220 c:/vbde/gccvb/bin/../lib/gcc/v810/4.4.2/../../../../v810/lib/crt0.o
                0x07007de0                rom_header
OUTPUT(Combat.o elf32-v810)

.comment        0x00000000       0x11
 .comment       0x00000000       0x11 C:\users\greg\Temp\ccdfp7AJ.o
                                 0x12 (size before relaxing)
