
Allocating common symbols
Common symbol       size              file

buttons             0x2               C:\users\greg\Temp\cc2YIQOg.o
level1              0x4               C:\users\greg\Temp\cc2YIQOg.o
enemyTable          0xcc0             C:\users\greg\Temp\cc2YIQOg.o
vertexBuffer        0x4e20            C:\users\greg\Temp\cc2YIQOg.o
objectTable         0xcc0             C:\users\greg\Temp\cc2YIQOg.o
laserTable          0x330             C:\users\greg\Temp\cc2YIQOg.o
cam                 0x90              C:\users\greg\Temp\cc2YIQOg.o

Memory Configuration

Name             Origin             Length             Attributes
wram             0x05000000         0x00010000         !r
rom              0x07000000         0x01000000         xr
*default*        0x00000000         0xffffffff

Linker script and memory map

LOAD c:/vbde/gccvb/bin/../lib/gcc/v810/4.4.2/../../../../v810/lib/crt0.o
LOAD C:\users\greg\Temp\cc2YIQOg.o
TARGET(elf32-v810)
                0x07000000                __text_start = 0x7000000
                0x05000000                __data_start = 0x5000000
                0x05008000                __gp = (__data_start + 0x8000)
                0x07000000                . = __text_start

.text           0x07000000     0x5c10
 *(.text)
 .text          0x07000000      0x28e c:/vbde/gccvb/bin/../lib/gcc/v810/4.4.2/../../../../v810/lib/crt0.o
                0x07000000                start
                0x07000180                _inthnd
 *fill*         0x0700028e        0x2 ff
 .text          0x07000290     0x5980 C:\users\greg\Temp\cc2YIQOg.o
                0x07000290                vbWaitFrame
                0x07000300                vbDisplayOn
                0x070004c8                vbDisplayOff
                0x07000540                vbDisplayShow
                0x0700058c                vbDisplayHide
                0x070005cc                vbFXFadeIn
                0x07000678                vbFXFadeOut
                0x0700072c                vbSetColTable
                0x0700084c                affine_clr_param
                0x070008d8                affine_scale
                0x07000ac4                affine_fast_scale
                0x07000bec                set_intlevel
                0x07000c10                get_intlevel
                0x07000c28                vbReadPad
                0x07000c94                vbPadKeyDown
                0x07000cf8                vbPadKeyUp
                0x07000d5c                copymem
                0x07000dbc                setmem
                0x07000e0c                addmem
                0x07000f70                cls
                0x07000f9c                vbTextOut
                0x07001044                vbPrint
                0x070011bc                vbSetObject
                0x070012b0                randseed
                0x0700134c                randnum
                0x07001364                vbSetWorld
                0x07001538                timer_enable
                0x070015b0                timer_get
                0x070015e4                timer_set
                0x0700162c                timer_freq
                0x070016a4                timer_int
                0x0700171c                timer_getstat
                0x0700173c                timer_clearstat
                0x0700176c                g3d_copyVector3d
                0x070017a8                g3d_scale
                0x07001864                g3d_rotateXAxis
                0x070018ec                g3d_rotateYAxis
                0x07001974                g3d_rotateZAxis
                0x070019fc                g3d_rotateAllAxis
                0x07001b84                g3d_translate
                0x07001bc8                g3d_cameraRotateAllAxis
                0x07001c44                g3d_cameraTranslate
                0x07001c88                g3d_renderVector3d
                0x07001fe0                g3d_calculateProjection
                0x07002070                g3d_drawObject
                0x07002348                g3d_clipObject
                0x07002508                g3d_clipZAxis
                0x070026c4                drawPoint
                0x0700284c                g3d_drawLine
                0x07002b80                g3d_initObject
                0x07002c88                g3d_moveObject
                0x070030cc                g3d_moveCamera
                0x0700349c                main
                0x07003c60                intro1
                0x07003f3c                intro3
                0x07004074                intro2
                0x07004854                initEnemyTable
                0x07004898                initObjectTable
                0x070048dc                doReadMapRow
                0x07004e50                doLaserFire
                0x07005108                doMoveEnemy
                0x0700532c                doGroundEffects
                0x07005460                timeHnd
                0x070054e8                handleInput
                0x070058e0                initObjects
                0x07005990                vbInit
                0x07005b14                screenControl
 *(.text.*)
 *(.gnu.warning)
 *(.gnu.linkonce.t*)
                0x07005c10                __text_end = .

.rodata         0x07005c10     0x5430
 *(.rodata)
 .rodata        0x07005c10     0x5430 C:\users\greg\Temp\cc2YIQOg.o
                0x07005c10                L_FRAME0
                0x07005c14                L_FRAME1
                0x07005c18                R_FRAME0
                0x07005c1c                R_FRAME1
                0x07005c20                BGMM
                0x07005c24                WAM
                0x07005c28                CLMN_TBL
                0x07005c2c                OAM
                0x07005c30                colTable
                0x07005cb0                WAVEDATA1
                0x07005cb4                WAVEDATA2
                0x07005cb8                WAVEDATA3
                0x07005cbc                WAVEDATA4
                0x07005cc0                WAVEDATA5
                0x07005cc4                MODDATA
                0x07005cc8                SND_REGS
                0x07005ccc                jump_addr
                0x07005ce0                HW_REGS
                0x07005ce4                EXPANSION
                0x07005ce8                WORKRAM
                0x07005cec                SAVERAM
                0x07005cf0                nums
                0x07005d00                WA
                0x07005d04                cosine
                0x070062a4                sine
                0x07006844                Letter_S
                0x070068c0                Letter_T
                0x0700690c                Letter_A
                0x0700696c                Letter_R
                0x070069f4                Letter_F
                0x07006a54                Letter_O
                0x07006ab0                Letter_X
                0x07006afc                Level1
                0x07006b5c                Fighter
                0x07006ce0                Tree
                0x07006e08                Phantron
                0x07007054                Dart
                0x070071e8                GroundEffect
                0x07007214                Building
                0x070072e0                Laser
                0x0700734c                HealthRing
                0x07007448                ArwingPicture
                0x07008198                ArwingPictureBGM
                0x07008e18                PVB_FONT
 *all.rodata*(*)
 *(.roda)
 *(.rodata.*)
 *(.gnu.linkonce.r*)
                0x0700b040                __data_lma = .

.data           0x05000000       0x58 load address 0x0700b040
 *(.data)
 .data          0x05000000        0x0 c:/vbde/gccvb/bin/../lib/gcc/v810/4.4.2/../../../../v810/lib/crt0.o
 .data          0x05000000       0x58 C:\users\greg\Temp\cc2YIQOg.o
                0x05000000                VIP_REGS
                0x05000004                currentFrameBuffer
                0x05000008                EnemyObjectDataTable
                0x05000010                StaticObjectDataTable
                0x05000018                movePath
                0x05000054                mapRowIdx
 *(.data.*)
 *(.gnu.linkonce.d*)

.sdata
 *(.sdata)
                0x05000058                __data_end = .

.sbss
 *(.sbss)
 *(.scommon)

.bss            0x05000058     0x6b98 load address 0x0700b098
 *(.dynbss)
 *(.bss)
 .bss           0x05000058        0x0 c:/vbde/gccvb/bin/../lib/gcc/v810/4.4.2/../../../../v810/lib/crt0.o
 .bss           0x05000058       0x30 C:\users\greg\Temp\cc2YIQOg.o
                0x05000058                oldkeydown
                0x0500005a                oldkeyup
                0x0500005c                tcr_val
                0x05000060                numVertices
                0x05000064                nextFrameBuffer
                0x05000068                frameSkip
                0x05000069                fireLaser
                0x0500006a                laserFrame
                0x0500006b                frameSkipCount
                0x0500006c                tick
                0x05000070                tickStart
                0x05000074                tickEnd
                0x05000078                movePathIdx
                0x05000079                mapEnd
 *(COMMON)
 COMMON         0x05000088     0x6b68 C:\users\greg\Temp\cc2YIQOg.o
                0x05000088                buttons
                0x0500008c                level1
                0x05000090                enemyTable
                0x05000d50                vertexBuffer
                0x05005b70                objectTable
                0x05006830                laserTable
                0x05006b60                cam
                0x0700b098                v = (__data_lma + (__data_end - __data_start))
                [0x0000ffff]                v = (v + 0x21f)
                [0x0000ffff]                v = (v & 0xffffff)
                [0x0000ffff]                v = (v | (v >> 0x1))
                [0x0000ffff]                v = (v | (v >> 0x2))
                [0x0000ffff]                v = (v | (v >> 0x4))
                [0x0000ffff]                v = (v | (v >> 0x8))
                [0x0000ffff]                v = (v | (v >> 0x10))
                0x0700ffff                __vectors_end = (__text_start + v)
                0x0700fde0                __vectors_lma = (__vectors_end - 0x21f)

.vectors        0x0700fde0      0x220
 *(.vectors)
 .vectors       0x0700fde0      0x220 c:/vbde/gccvb/bin/../lib/gcc/v810/4.4.2/../../../../v810/lib/crt0.o
                0x0700fde0                rom_header
OUTPUT(Combat.o elf32-v810)

.comment        0x00000000       0x11
 .comment       0x00000000       0x11 C:\users\greg\Temp\cc2YIQOg.o
                                 0x12 (size before relaxing)
