
Allocating common symbols
Common symbol       size              file

objFighter          0xc8              C:\users\greg\Temp\cc33C1Dn.o
objTree             0xc8              C:\users\greg\Temp\cc33C1Dn.o
objBuilding         0xc8              C:\users\greg\Temp\cc33C1Dn.o
buttons             0x2               C:\users\greg\Temp\cc33C1Dn.o
vertexBuffer        0x4e20            C:\users\greg\Temp\cc33C1Dn.o
cam                 0x90              C:\users\greg\Temp\cc33C1Dn.o
objGroundEffect     0xc8              C:\users\greg\Temp\cc33C1Dn.o
objPhantron         0xc8              C:\users\greg\Temp\cc33C1Dn.o

Memory Configuration

Name             Origin             Length             Attributes
wram             0x05000000         0x00010000         !r
rom              0x07000000         0x01000000         xr
*default*        0x00000000         0xffffffff

Linker script and memory map

LOAD c:/vbde/gccvb/bin/../lib/gcc/v810/4.4.2/../../../../v810/lib/crt0.o
LOAD C:\users\greg\Temp\cc33C1Dn.o
TARGET(elf32-v810)
                0x07000000                __text_start = 0x7000000
                0x05000000                __data_start = 0x5000000
                0x05008000                __gp = (__data_start + 0x8000)
                0x07000000                . = __text_start

.text           0x07000000     0x46d8
 *(.text)
 .text          0x07000000      0x28e c:/vbde/gccvb/bin/../lib/gcc/v810/4.4.2/../../../../v810/lib/crt0.o
                0x07000000                start
                0x07000180                _inthnd
 *fill*         0x0700028e        0x2 ff
 .text          0x07000290     0x4448 C:\users\greg\Temp\cc33C1Dn.o
                0x07000290                vbWaitFrame
                0x07000300                vbDisplayOn
                0x070004c8                vbDisplayOff
                0x07000540                vbDisplayShow
                0x0700058c                vbDisplayHide
                0x070005cc                vbFXFadeIn
                0x07000678                vbFXFadeOut
                0x0700072c                vbSetColTable
                0x0700084c                affine_clr_param
                0x070008d8                affine_scale
                0x07000ac4                affine_fast_scale
                0x07000bec                set_intlevel
                0x07000c10                get_intlevel
                0x07000c28                vbReadPad
                0x07000c94                vbPadKeyDown
                0x07000cf8                vbPadKeyUp
                0x07000d5c                copymem
                0x07000dbc                setmem
                0x07000e0c                addmem
                0x07000f70                cls
                0x07000f9c                vbTextOut
                0x07001044                vbPrint
                0x070011bc                vbSetObject
                0x070012b0                randseed
                0x0700134c                randnum
                0x07001364                vbSetWorld
                0x07001538                timer_enable
                0x070015b0                timer_get
                0x070015e4                timer_set
                0x0700162c                timer_freq
                0x070016a4                timer_int
                0x0700171c                timer_getstat
                0x0700173c                timer_clearstat
                0x0700176c                g3d_copyVector3d
                0x070017c8                g3d_scale
                0x070018c8                g3d_rotateXAxis
                0x07001950                g3d_rotateYAxis
                0x070019d8                g3d_rotateZAxis
                0x07001a60                g3d_rotateAllAxis
                0x07001be8                g3d_translate
                0x07001c3c                g3d_cameraRotateAllAxis
                0x07001cac                g3d_cameraTranslate
                0x07001d00                g3d_renderVector3d
                0x07002044                g3d_calculateProjection
                0x070020d4                g3d_drawObject
                0x070024c8                g3d_clipObject
                0x07002680                g3d_clipZAxis
                0x0700283c                drawPoint
                0x070029c4                g3d_drawLine
                0x07002cf8                g3d_initObject
                0x07002df8                g3d_moveObject
                0x0700323c                g3d_moveCamera
                0x0700360c                main
                0x07003b64                doMoveEnemy
                0x07003c7c                doGroundEffects
                0x07004054                timeHnd
                0x070040e8                handleInput
                0x070043a8                initObjects
                0x07004458                vbInit
                0x070045dc                screenControl
 *(.text.*)
 *(.gnu.warning)
 *(.gnu.linkonce.t*)
                0x070046d8                __text_end = .

.rodata         0x070046d8     0x32c4
 *(.rodata)
 .rodata        0x070046d8     0x32c4 C:\users\greg\Temp\cc33C1Dn.o
                0x070046d8                L_FRAME0
                0x070046dc                L_FRAME1
                0x070046e0                R_FRAME0
                0x070046e4                R_FRAME1
                0x070046e8                BGMM
                0x070046ec                WAM
                0x070046f0                CLMN_TBL
                0x070046f4                OAM
                0x070046f8                colTable
                0x07004778                WAVEDATA1
                0x0700477c                WAVEDATA2
                0x07004780                WAVEDATA3
                0x07004784                WAVEDATA4
                0x07004788                WAVEDATA5
                0x0700478c                MODDATA
                0x07004790                SND_REGS
                0x07004794                jump_addr
                0x070047a8                HW_REGS
                0x070047ac                EXPANSION
                0x070047b0                WORKRAM
                0x070047b4                SAVERAM
                0x070047b8                nums
                0x070047c8                WA
                0x070047cc                cosine
                0x07004d6c                sine
                0x0700530c                Fighter
                0x07005490                Tree
                0x070055b8                Phantron
                0x07005804                GroundEffect
                0x07005830                Building
                0x0700599c                PVB_FONT
 *all.rodata*(*)
 *(.roda)
 *(.rodata.*)
 *(.gnu.linkonce.r*)
                0x0700799c                __data_lma = .

.data           0x05000000       0x3c load address 0x0700799c
 *(.data)
 .data          0x05000000        0x0 c:/vbde/gccvb/bin/../lib/gcc/v810/4.4.2/../../../../v810/lib/crt0.o
 .data          0x05000000       0x3c C:\users\greg\Temp\cc33C1Dn.o
                0x05000000                VIP_REGS
                0x05000004                currentFrameBuffer
                0x05000008                movePath
 *(.data.*)
 *(.gnu.linkonce.d*)

.sdata
 *(.sdata)
                0x0500003c                __data_end = .

.sbss
 *(.sbss)
 *(.scommon)

.bss            0x0500003c     0x52d4 load address 0x070079d8
 *(.dynbss)
 *(.bss)
 .bss           0x0500003c        0x0 c:/vbde/gccvb/bin/../lib/gcc/v810/4.4.2/../../../../v810/lib/crt0.o
 .bss           0x0500003c       0x38 C:\users\greg\Temp\cc33C1Dn.o
                0x0500003c                oldkeydown
                0x0500003e                oldkeyup
                0x05000040                tcr_val
                0x05000044                numVertices
                0x05000048                nextFrameBuffer
                0x0500004c                FPS
                0x0500004d                frameSkip
                0x05000050                tick
                0x05000054                tickStart
                0x05000058                tickEnd
                0x0500005c                tickDraw
                0x05000060                tickRender
                0x05000064                tickProject
                0x05000068                movePathIdx
 *(COMMON)
 COMMON         0x05000074     0x529c C:\users\greg\Temp\cc33C1Dn.o
                0x05000074                objFighter
                0x0500013c                objTree
                0x05000204                objBuilding
                0x050002cc                buttons
                0x050002d0                vertexBuffer
                0x050050f0                cam
                0x05005180                objGroundEffect
                0x05005248                objPhantron
                0x070079d8                v = (__data_lma + (__data_end - __data_start))
                [0x00007fff]                v = (v + 0x21f)
                [0x00007fff]                v = (v & 0xffffff)
                [0x00007fff]                v = (v | (v >> 0x1))
                [0x00007fff]                v = (v | (v >> 0x2))
                [0x00007fff]                v = (v | (v >> 0x4))
                [0x00007fff]                v = (v | (v >> 0x8))
                [0x00007fff]                v = (v | (v >> 0x10))
                0x07007fff                __vectors_end = (__text_start + v)
                0x07007de0                __vectors_lma = (__vectors_end - 0x21f)

.vectors        0x07007de0      0x220
 *(.vectors)
 .vectors       0x07007de0      0x220 c:/vbde/gccvb/bin/../lib/gcc/v810/4.4.2/../../../../v810/lib/crt0.o
                0x07007de0                rom_header
OUTPUT(Combat.o elf32-v810)

.comment        0x00000000       0x11
 .comment       0x00000000       0x11 C:\users\greg\Temp\cc33C1Dn.o
                                 0x12 (size before relaxing)
