
Allocating common symbols
Common symbol       size              file

buttons             0x2               C:\users\greg\Temp\ccub2pv8.o
level1              0x4               C:\users\greg\Temp\ccub2pv8.o
enemyTable          0xc80             C:\users\greg\Temp\ccub2pv8.o
vertexBuffer        0x4e20            C:\users\greg\Temp\ccub2pv8.o
objectTable         0xc80             C:\users\greg\Temp\ccub2pv8.o
laserTable          0x320             C:\users\greg\Temp\ccub2pv8.o
cam                 0x90              C:\users\greg\Temp\ccub2pv8.o

Memory Configuration

Name             Origin             Length             Attributes
wram             0x05000000         0x00010000         !r
rom              0x07000000         0x01000000         xr
*default*        0x00000000         0xffffffff

Linker script and memory map

LOAD c:/vbde/gccvb/bin/../lib/gcc/v810/4.4.2/../../../../v810/lib/crt0.o
LOAD C:\users\greg\Temp\ccub2pv8.o
TARGET(elf32-v810)
                0x07000000                __text_start = 0x7000000
                0x05000000                __data_start = 0x5000000
                0x05008000                __gp = (__data_start + 0x8000)
                0x07000000                . = __text_start

.text           0x07000000     0x63fc
 *(.text)
 .text          0x07000000      0x28e c:/vbde/gccvb/bin/../lib/gcc/v810/4.4.2/../../../../v810/lib/crt0.o
                0x07000000                start
                0x07000180                _inthnd
 *fill*         0x0700028e        0x2 ff
 .text          0x07000290     0x616c C:\users\greg\Temp\ccub2pv8.o
                0x07000290                vbWaitFrame
                0x07000300                vbDisplayOn
                0x070004c8                vbDisplayOff
                0x07000540                vbDisplayShow
                0x0700058c                vbDisplayHide
                0x070005cc                vbFXFadeIn
                0x07000678                vbFXFadeOut
                0x0700072c                vbSetColTable
                0x0700084c                affine_clr_param
                0x070008d8                affine_scale
                0x07000ac4                affine_fast_scale
                0x07000bec                set_intlevel
                0x07000c10                get_intlevel
                0x07000c28                vbReadPad
                0x07000c94                vbPadKeyDown
                0x07000cf8                vbPadKeyUp
                0x07000d5c                copymem
                0x07000dbc                setmem
                0x07000e0c                addmem
                0x07000f70                cls
                0x07000f9c                vbTextOut
                0x07001044                vbPrint
                0x070011bc                vbSetObject
                0x070012b0                randseed
                0x0700134c                randnum
                0x07001364                vbSetWorld
                0x07001538                timer_enable
                0x070015b0                timer_get
                0x070015e4                timer_set
                0x0700162c                timer_freq
                0x070016a4                timer_int
                0x0700171c                timer_getstat
                0x0700173c                timer_clearstat
                0x0700176c                g3d_copyVector3d
                0x070017a8                g3d_scale
                0x07001864                g3d_rotateXAxis
                0x070018ec                g3d_rotateYAxis
                0x07001974                g3d_rotateZAxis
                0x070019fc                g3d_rotateAllAxis
                0x07001b84                g3d_translate
                0x07001bc8                g3d_cameraRotateAllAxis
                0x07001c44                g3d_cameraTranslate
                0x07001c88                g3d_renderVector3d
                0x07001e84                g3d_calculateProjection
                0x07001f14                g3d_drawObject
                0x0700211c                g3d_renderObject
                0x070024c8                g3d_detectCollision
                0x070027c8                g3d_clipObject
                0x07002988                g3d_clipZAxis
                0x07002b44                drawPoint
                0x07002ccc                g3d_drawLine
                0x07003000                g3d_initObject
                0x07003108                g3d_moveObject
                0x0700354c                g3d_moveCamera
                0x0700391c                main
                0x07004400                intro1
                0x070046dc                intro3
                0x07004814                intro2
                0x070048e0                initEnemyTable
                0x07004924                initObjectTable
                0x07004968                doReadMapRow
                0x07004ff8                doLaserFire
                0x07005290                doMoveEnemy
                0x070054a0                doGroundEffects
                0x070055d4                timeHnd
                0x07005ab0                handleInput
                0x07005ee4                initObjects
                0x07005f94                vbInit
                0x07006300                screenControl
 *(.text.*)
 *(.gnu.warning)
 *(.gnu.linkonce.t*)
                0x070063fc                __text_end = .

.rodata         0x070063fc     0x66c4
 *(.rodata)
 .rodata        0x070063fc     0x66c4 C:\users\greg\Temp\ccub2pv8.o
                0x070063fc                L_FRAME0
                0x07006400                L_FRAME1
                0x07006404                R_FRAME0
                0x07006408                R_FRAME1
                0x0700640c                BGMM
                0x07006410                WAM
                0x07006414                CLMN_TBL
                0x07006418                OAM
                0x0700641c                colTable
                0x0700649c                WAVEDATA1
                0x070064a0                WAVEDATA2
                0x070064a4                WAVEDATA3
                0x070064a8                WAVEDATA4
                0x070064ac                WAVEDATA5
                0x070064b0                MODDATA
                0x070064b4                SND_REGS
                0x070064b8                jump_addr
                0x070064cc                HW_REGS
                0x070064d0                EXPANSION
                0x070064d4                WORKRAM
                0x070064d8                SAVERAM
                0x070064dc                nums
                0x070064ec                WA
                0x070064f0                cosine
                0x07006a90                sine
                0x07007030                Letter_S
                0x070070ac                Letter_T
                0x070070f8                Letter_A
                0x07007158                Letter_R
                0x070071e0                Letter_F
                0x07007240                Letter_O
                0x0700729c                Letter_X
                0x070072e8                Level1
                0x07007348                Fighter
                0x070074cc                Tree
                0x070075f4                Phantron
                0x07007840                Dart
                0x070079d4                GroundEffect
                0x07007a00                Building
                0x07007acc                Laser
                0x07007b38                HealthRing
                0x07007c34                ArwingPicture
                0x07008984                ArwingPictureBGM
                0x07009604                HitSound
                0x07009d30                LaserSound
                0x07009fe6                engineSound
                0x0700a8d5                PVB_FONT
 *all.rodata*(*)
 *(.roda)
 *(.rodata.*)
 *(.gnu.linkonce.r*)
                0x0700cac0                __data_lma = .

.data           0x05000000       0x58 load address 0x0700cac0
 *(.data)
 .data          0x05000000        0x0 c:/vbde/gccvb/bin/../lib/gcc/v810/4.4.2/../../../../v810/lib/crt0.o
 .data          0x05000000       0x58 C:\users\greg\Temp\ccub2pv8.o
                0x05000000                VIP_REGS
                0x05000004                currentFrameBuffer
                0x05000008                EnemyObjectDataTable
                0x05000010                StaticObjectDataTable
                0x05000018                movePath
                0x05000054                mapRowIdx
 *(.data.*)
 *(.gnu.linkonce.d*)

.sdata
 *(.sdata)
                0x05000058                __data_end = .

.sbss
 *(.sbss)
 *(.scommon)

.bss            0x05000058     0x6b30 load address 0x0700cb18
 *(.dynbss)
 *(.bss)
 .bss           0x05000058        0x0 c:/vbde/gccvb/bin/../lib/gcc/v810/4.4.2/../../../../v810/lib/crt0.o
 .bss           0x05000058       0x58 C:\users\greg\Temp\ccub2pv8.o
                0x05000058                oldkeydown
                0x0500005a                oldkeyup
                0x0500005c                tcr_val
                0x05000060                numVertices
                0x05000064                nextFrameBuffer
                0x05000068                frameSkip
                0x05000069                fireLaser
                0x0500006a                laserFrame
                0x0500006b                frameSkipCount
                0x0500006c                tick
                0x05000070                tickMax
                0x05000074                tickStart
                0x05000078                tickEnd
                0x0500007c                Channel1Pos
                0x0500007e                Channel1Max
                0x05000080                Channel1Play
                0x05000081                Channel1Nibble
                0x05000084                Channel1Data
                0x05000088                Channel2Pos
                0x0500008a                Channel2Max
                0x0500008c                Channel2Play
                0x0500008d                Channel2Nibble
                0x05000090                Channel2Data
                0x05000094                Channel3Pos
                0x05000096                Channel3Max
                0x05000098                Channel3Play
                0x05000099                Channel3Nibble
                0x0500009c                Channel3Data
                0x050000a0                movePathIdx
                0x050000a1                mapEnd
 *(COMMON)
 COMMON         0x050000b0     0x6ad8 C:\users\greg\Temp\ccub2pv8.o
                0x050000b0                buttons
                0x050000b4                level1
                0x050000b8                enemyTable
                0x05000d38                vertexBuffer
                0x05005b58                objectTable
                0x050067d8                laserTable
                0x05006af8                cam
                0x0700cb18                v = (__data_lma + (__data_end - __data_start))
                [0x0000ffff]                v = (v + 0x21f)
                [0x0000ffff]                v = (v & 0xffffff)
                [0x0000ffff]                v = (v | (v >> 0x1))
                [0x0000ffff]                v = (v | (v >> 0x2))
                [0x0000ffff]                v = (v | (v >> 0x4))
                [0x0000ffff]                v = (v | (v >> 0x8))
                [0x0000ffff]                v = (v | (v >> 0x10))
                0x0700ffff                __vectors_end = (__text_start + v)
                0x0700fde0                __vectors_lma = (__vectors_end - 0x21f)

.vectors        0x0700fde0      0x220
 *(.vectors)
 .vectors       0x0700fde0      0x220 c:/vbde/gccvb/bin/../lib/gcc/v810/4.4.2/../../../../v810/lib/crt0.o
                0x0700fde0                rom_header
OUTPUT(Combat.o elf32-v810)

.comment        0x00000000       0x11
 .comment       0x00000000       0x11 C:\users\greg\Temp\ccub2pv8.o
                                 0x12 (size before relaxing)
