
Allocating common symbols
Common symbol       size              file

buttons             0x2               C:\users\user\Temp\ccYPOoxr.o
vertexBuffer        0x4e20            C:\users\user\Temp\ccYPOoxr.o
cam                 0x90              C:\users\user\Temp\ccYPOoxr.o

Memory Configuration

Name             Origin             Length             Attributes
wram             0x05000000         0x00010000         !r
rom              0x07000000         0x01000000         xr
*default*        0x00000000         0xffffffff

Linker script and memory map

LOAD c:/vbde/gccvb/bin/../lib/gcc/v810/4.4.2/../../../../v810/lib/crt0.o
LOAD C:\users\user\Temp\ccYPOoxr.o
TARGET(elf32-v810)
                0x07000000                __text_start = 0x7000000
                0x05000000                __data_start = 0x5000000
                0x05008000                __gp = (__data_start + 0x8000)
                0x07000000                . = __text_start

.text           0x07000000     0x4200
 *(.text)
 .text          0x07000000      0x28e c:/vbde/gccvb/bin/../lib/gcc/v810/4.4.2/../../../../v810/lib/crt0.o
                0x07000000                start
                0x07000180                _inthnd
 *fill*         0x0700028e        0x2 ff
 .text          0x07000290     0x3f70 C:\users\user\Temp\ccYPOoxr.o
                0x07000290                vbWaitFrame
                0x07000300                vbDisplayOn
                0x070004c8                vbDisplayOff
                0x07000540                vbDisplayShow
                0x0700058c                vbDisplayHide
                0x070005cc                vbFXFadeIn
                0x07000678                vbFXFadeOut
                0x0700072c                vbSetColTable
                0x0700084c                affine_clr_param
                0x070008d8                affine_scale
                0x07000ac4                affine_fast_scale
                0x07000bec                set_intlevel
                0x07000c10                get_intlevel
                0x07000c28                vbReadPad
                0x07000c94                vbPadKeyDown
                0x07000cf8                vbPadKeyUp
                0x07000d5c                copymem
                0x07000dbc                setmem
                0x07000e0c                addmem
                0x07000f70                cls
                0x07000f9c                vbTextOut
                0x07001044                vbPrint
                0x070011bc                vbSetObject
                0x070012b0                randseed
                0x0700134c                randnum
                0x07001364                vbSetWorld
                0x07001538                timer_enable
                0x070015b0                timer_get
                0x070015e4                timer_set
                0x0700162c                timer_freq
                0x070016a4                timer_int
                0x0700171c                timer_getstat
                0x0700173c                timer_clearstat
                0x0700176c                g3d_copyVector3d
                0x070017c8                g3d_scale
                0x070018c8                g3d_rotateXAxis
                0x07001950                g3d_rotateYAxis
                0x07001aa4                g3d_rotateZAxis
                0x07001bf8                g3d_rotateAllAxis
                0x07001d80                g3d_translate
                0x07001dd4                g3d_cameraRotateAllAxis
                0x07001e44                g3d_cameraTranslate
                0x07001e98                g3d_renderVector3d
                0x070021dc                g3d_calculateProjection
                0x07002374                g3d_drawObject
                0x07002608                g3d_clipLine
                0x07002b08                drawPoint
                0x07002c90                g3d_drawLine
                0x07003024                g3d_initObject
                0x07003114                g3d_moveObject
                0x070035c0                g3d_moveCamera
                0x07003990                main
                0x07003c28                timeHnd
                0x07003cbc                handleInput
                0x07003ed0                initObjects
                0x07003f80                vbInit
                0x07004104                screenControl
 *(.text.*)
 *(.gnu.warning)
 *(.gnu.linkonce.t*)
                0x07004200                __text_end = .

.rodata         0x07004200     0x2c58
 *(.rodata)
 .rodata        0x07004200     0x2c58 C:\users\user\Temp\ccYPOoxr.o
                0x07004200                L_FRAME0
                0x07004204                L_FRAME1
                0x07004208                R_FRAME0
                0x0700420c                R_FRAME1
                0x07004210                BGMM
                0x07004214                WAM
                0x07004218                CLMN_TBL
                0x0700421c                OAM
                0x07004220                colTable
                0x070042a0                WAVEDATA1
                0x070042a4                WAVEDATA2
                0x070042a8                WAVEDATA3
                0x070042ac                WAVEDATA4
                0x070042b0                WAVEDATA5
                0x070042b4                MODDATA
                0x070042b8                SND_REGS
                0x070042bc                jump_addr
                0x070042d0                HW_REGS
                0x070042d4                EXPANSION
                0x070042d8                WORKRAM
                0x070042dc                SAVERAM
                0x070042e0                nums
                0x070042f0                WA
                0x070042f4                cosine
                0x07004894                sine
                0x07004e34                PVB_FONT
 *all.rodata*(*)
 *(.roda)
 *(.rodata.*)
 *(.gnu.linkonce.r*)
                0x07006e58                __data_lma = .

.data           0x05000000      0x744 load address 0x07006e58
 *(.data)
 .data          0x05000000        0x0 c:/vbde/gccvb/bin/../lib/gcc/v810/4.4.2/../../../../v810/lib/crt0.o
 .data          0x05000000      0x744 C:\users\user\Temp\ccYPOoxr.o
                0x05000000                VIP_REGS
                0x05000004                currentFrameBuffer
                0x05000008                tank
                0x05000634                map
 *(.data.*)
 *(.gnu.linkonce.d*)

.sdata
 *(.sdata)
                0x05000744                __data_end = .

.sbss
 *(.sbss)
 *(.scommon)

.bss            0x05000744     0x4ee8 load address 0x0700759c
 *(.dynbss)
 *(.bss)
 .bss           0x05000744        0x0 c:/vbde/gccvb/bin/../lib/gcc/v810/4.4.2/../../../../v810/lib/crt0.o
 .bss           0x05000744       0x34 C:\users\user\Temp\ccYPOoxr.o
                0x05000744                oldkeydown
                0x05000746                oldkeyup
                0x05000748                tcr_val
                0x0500074c                numVertices
                0x05000750                nextFrameBuffer
                0x05000754                FPS
                0x05000758                tick
                0x0500075c                tickStart
                0x05000760                tickEnd
                0x05000764                modelnum
                0x05000768                vertexCount
 *(COMMON)
 COMMON         0x05000778     0x4eb4 C:\users\user\Temp\ccYPOoxr.o
                0x05000778                buttons
                0x0500077c                vertexBuffer
                0x0500559c                cam
                0x0700759c                v = (__data_lma + (__data_end - __data_start))
                [0x00007fff]                v = (v + 0x21f)
                [0x00007fff]                v = (v & 0xffffff)
                [0x00007fff]                v = (v | (v >> 0x1))
                [0x00007fff]                v = (v | (v >> 0x2))
                [0x00007fff]                v = (v | (v >> 0x4))
                [0x00007fff]                v = (v | (v >> 0x8))
                [0x00007fff]                v = (v | (v >> 0x10))
                0x07007fff                __vectors_end = (__text_start + v)
                0x07007de0                __vectors_lma = (__vectors_end - 0x21f)

.vectors        0x07007de0      0x220
 *(.vectors)
 .vectors       0x07007de0      0x220 c:/vbde/gccvb/bin/../lib/gcc/v810/4.4.2/../../../../v810/lib/crt0.o
                0x07007de0                rom_header
OUTPUT(Combat.o elf32-v810)

.comment        0x00000000       0x11
 .comment       0x00000000       0x11 C:\users\user\Temp\ccYPOoxr.o
                                 0x12 (size before relaxing)
