
Allocating common symbols
Common symbol       size              file

objFighter          0xc8              C:\users\greg\Temp\ccGTwev1.o
buttons             0x2               C:\users\greg\Temp\ccGTwev1.o
vertexBuffer        0x4e20            C:\users\greg\Temp\ccGTwev1.o
cam                 0x90              C:\users\greg\Temp\ccGTwev1.o

Memory Configuration

Name             Origin             Length             Attributes
wram             0x05000000         0x00010000         !r
rom              0x07000000         0x01000000         xr
*default*        0x00000000         0xffffffff

Linker script and memory map

LOAD c:/vbde/gccvb/bin/../lib/gcc/v810/4.4.2/../../../../v810/lib/crt0.o
LOAD C:\users\greg\Temp\ccGTwev1.o
TARGET(elf32-v810)
                0x07000000                __text_start = 0x7000000
                0x05000000                __data_start = 0x5000000
                0x05008000                __gp = (__data_start + 0x8000)
                0x07000000                . = __text_start

.text           0x07000000     0x43fc
 *(.text)
 .text          0x07000000      0x28e c:/vbde/gccvb/bin/../lib/gcc/v810/4.4.2/../../../../v810/lib/crt0.o
                0x07000000                start
                0x07000180                _inthnd
 *fill*         0x0700028e        0x2 ff
 .text          0x07000290     0x416c C:\users\greg\Temp\ccGTwev1.o
                0x07000290                vbWaitFrame
                0x07000300                vbDisplayOn
                0x070004c8                vbDisplayOff
                0x07000540                vbDisplayShow
                0x0700058c                vbDisplayHide
                0x070005cc                vbFXFadeIn
                0x07000678                vbFXFadeOut
                0x0700072c                vbSetColTable
                0x0700084c                affine_clr_param
                0x070008d8                affine_scale
                0x07000ac4                affine_fast_scale
                0x07000bec                set_intlevel
                0x07000c10                get_intlevel
                0x07000c28                vbReadPad
                0x07000c94                vbPadKeyDown
                0x07000cf8                vbPadKeyUp
                0x07000d5c                copymem
                0x07000dbc                setmem
                0x07000e0c                addmem
                0x07000f70                cls
                0x07000f9c                vbTextOut
                0x07001044                vbPrint
                0x070011bc                vbSetObject
                0x070012b0                randseed
                0x0700134c                randnum
                0x07001364                vbSetWorld
                0x07001538                timer_enable
                0x070015b0                timer_get
                0x070015e4                timer_set
                0x0700162c                timer_freq
                0x070016a4                timer_int
                0x0700171c                timer_getstat
                0x0700173c                timer_clearstat
                0x0700176c                g3d_copyVector3d
                0x070017c8                g3d_scale
                0x070018c8                g3d_rotateXAxis
                0x07001950                g3d_rotateYAxis
                0x070019d8                g3d_rotateZAxis
                0x07001a60                g3d_rotateAllAxis
                0x07001be8                g3d_translate
                0x07001c3c                g3d_cameraRotateAllAxis
                0x07001cac                g3d_cameraTranslate
                0x07001d00                g3d_renderVector3d
                0x07002044                g3d_calculateProjection
                0x070020d4                g3d_drawObject
                0x070024b4                g3d_clipZAxis
                0x07002720                g3d_clipLine
                0x07002c20                drawPoint
                0x07002da8                g3d_drawLine
                0x0700313c                g3d_initObject
                0x0700322c                g3d_moveObject
                0x070036d8                g3d_moveCamera
                0x07003aa8                main
                0x07003c5c                timeHnd
                0x07003cf0                handleInput
                0x07003fa4                initObjects
                0x07004054                vbInit
                0x07004300                screenControl
 *(.text.*)
 *(.gnu.warning)
 *(.gnu.linkonce.t*)
                0x070043fc                __text_end = .

.rodata         0x070043fc     0x399c
 *(.rodata)
 .rodata        0x070043fc     0x399c C:\users\greg\Temp\ccGTwev1.o
                0x070043fc                L_FRAME0
                0x07004400                L_FRAME1
                0x07004404                R_FRAME0
                0x07004408                R_FRAME1
                0x0700440c                BGMM
                0x07004410                WAM
                0x07004414                CLMN_TBL
                0x07004418                OAM
                0x0700441c                colTable
                0x0700449c                WAVEDATA1
                0x070044a0                WAVEDATA2
                0x070044a4                WAVEDATA3
                0x070044a8                WAVEDATA4
                0x070044ac                WAVEDATA5
                0x070044b0                MODDATA
                0x070044b4                SND_REGS
                0x070044b8                jump_addr
                0x070044cc                HW_REGS
                0x070044d0                EXPANSION
                0x070044d4                WORKRAM
                0x070044d8                SAVERAM
                0x070044dc                nums
                0x070044ec                WA
                0x070044f0                cosine
                0x07004a90                sine
                0x07005030                Fighter
                0x07005704                PVB_FONT
                0x07007704                crossHairsChars
                0x07007974                crossHairsBGMap
 *all.rodata*(*)
 *(.roda)
 *(.rodata.*)
 *(.gnu.linkonce.r*)
                0x07007d98                __data_lma = .

.data           0x05000000        0xc load address 0x07007d98
 *(.data)
 .data          0x05000000        0x0 c:/vbde/gccvb/bin/../lib/gcc/v810/4.4.2/../../../../v810/lib/crt0.o
 .data          0x05000000        0xc C:\users\greg\Temp\ccGTwev1.o
                0x05000000                VIP_REGS
                0x05000004                currentFrameBuffer
 *(.data.*)
 *(.gnu.linkonce.d*)

.sdata
 *(.sdata)
                0x0500000c                __data_end = .

.sbss
 *(.sbss)
 *(.scommon)

.bss            0x0500000c     0x4fbc load address 0x07007da4
 *(.dynbss)
 *(.bss)
 .bss           0x0500000c        0x0 c:/vbde/gccvb/bin/../lib/gcc/v810/4.4.2/../../../../v810/lib/crt0.o
 .bss           0x0500000c       0x40 C:\users\greg\Temp\ccGTwev1.o
                0x0500000c                oldkeydown
                0x0500000e                oldkeyup
                0x05000010                tcr_val
                0x05000014                numVertices
                0x05000018                nextFrameBuffer
                0x0500001c                FPS
                0x05000020                tick
                0x05000024                tickStart
                0x05000028                tickEnd
                0x0500002c                tickDraw
                0x05000030                tickRender
                0x05000034                tickProject
                0x05000038                modelnum
                0x0500003c                vertexCount
 *(COMMON)
 COMMON         0x0500004c     0x4f7c C:\users\greg\Temp\ccGTwev1.o
                0x0500004c                objFighter
                0x05000114                buttons
                0x05000118                vertexBuffer
                0x05004f38                cam
                0x07007da4                v = (__data_lma + (__data_end - __data_start))
                [0x00007fff]                v = (v + 0x21f)
                [0x00007fff]                v = (v & 0xffffff)
                [0x00007fff]                v = (v | (v >> 0x1))
                [0x00007fff]                v = (v | (v >> 0x2))
                [0x00007fff]                v = (v | (v >> 0x4))
                [0x00007fff]                v = (v | (v >> 0x8))
                [0x00007fff]                v = (v | (v >> 0x10))
                0x07007fff                __vectors_end = (__text_start + v)
                0x07007de0                __vectors_lma = (__vectors_end - 0x21f)

.vectors        0x07007de0      0x220
 *(.vectors)
 .vectors       0x07007de0      0x220 c:/vbde/gccvb/bin/../lib/gcc/v810/4.4.2/../../../../v810/lib/crt0.o
                0x07007de0                rom_header
OUTPUT(Combat.o elf32-v810)

.comment        0x00000000       0x11
 .comment       0x00000000       0x11 C:\users\greg\Temp\ccGTwev1.o
                                 0x12 (size before relaxing)
