
Allocating common symbols
Common symbol       size              file

buttons             0x2               C:\users\greg\Temp\ccW8v2dg.o
enemyTable          0x28              C:\users\greg\Temp\ccW8v2dg.o
vertexBuffer        0x4e20            C:\users\greg\Temp\ccW8v2dg.o
cam                 0x90              C:\users\greg\Temp\ccW8v2dg.o

Memory Configuration

Name             Origin             Length             Attributes
wram             0x05000000         0x00010000         !r
rom              0x07000000         0x01000000         xr
*default*        0x00000000         0xffffffff

Linker script and memory map

LOAD c:/vbde/gccvb/bin/../lib/gcc/v810/4.4.2/../../../../v810/lib/crt0.o
LOAD C:\users\greg\Temp\ccW8v2dg.o
TARGET(elf32-v810)
                0x07000000                __text_start = 0x7000000
                0x05000000                __data_start = 0x5000000
                0x05008000                __gp = (__data_start + 0x8000)
                0x07000000                . = __text_start

.text           0x07000000     0x4440
 *(.text)
 .text          0x07000000      0x28e c:/vbde/gccvb/bin/../lib/gcc/v810/4.4.2/../../../../v810/lib/crt0.o
                0x07000000                start
                0x07000180                _inthnd
 *fill*         0x0700028e        0x2 ff
 .text          0x07000290     0x41b0 C:\users\greg\Temp\ccW8v2dg.o
                0x07000290                vbWaitFrame
                0x07000300                vbDisplayOn
                0x070004c8                vbDisplayOff
                0x07000540                vbDisplayShow
                0x0700058c                vbDisplayHide
                0x070005cc                vbFXFadeIn
                0x07000678                vbFXFadeOut
                0x0700072c                vbSetColTable
                0x0700084c                affine_clr_param
                0x070008d8                affine_scale
                0x07000ac4                affine_fast_scale
                0x07000bec                set_intlevel
                0x07000c10                get_intlevel
                0x07000c28                vbReadPad
                0x07000c94                vbPadKeyDown
                0x07000cf8                vbPadKeyUp
                0x07000d5c                copymem
                0x07000dbc                setmem
                0x07000e0c                addmem
                0x07000f70                cls
                0x07000f9c                vbTextOut
                0x07001044                vbPrint
                0x070011bc                vbSetObject
                0x070012b0                randseed
                0x0700134c                randnum
                0x07001364                vbSetWorld
                0x07001538                timer_enable
                0x070015b0                timer_get
                0x070015e4                timer_set
                0x0700162c                timer_freq
                0x070016a4                timer_int
                0x0700171c                timer_getstat
                0x0700173c                timer_clearstat
                0x0700176c                g3d_copyVector3d
                0x070017a8                g3d_scale
                0x07001864                g3d_rotateXAxis
                0x070018ec                g3d_rotateYAxis
                0x07001974                g3d_rotateZAxis
                0x070019fc                g3d_rotateAllAxis
                0x07001b84                g3d_translate
                0x07001bc8                g3d_cameraRotateAllAxis
                0x07001c44                g3d_cameraTranslate
                0x07001c88                g3d_renderVector3d
                0x07001fcc                g3d_calculateProjection
                0x0700205c                g3d_drawObject
                0x0700231c                g3d_clipObject
                0x070024d4                g3d_clipZAxis
                0x07002690                drawPoint
                0x07002818                g3d_drawLine
                0x07002b4c                g3d_initObject
                0x07002c4c                g3d_moveObject
                0x07003090                g3d_moveCamera
                0x07003460                main
                0x07003aa8                doMoveEnemy
                0x07003ba8                doGroundEffects
                0x07003cec                timeHnd
                0x07003d80                handleInput
                0x07004110                initObjects
                0x070041c0                vbInit
                0x07004344                screenControl
 *(.text.*)
 *(.gnu.warning)
 *(.gnu.linkonce.t*)
                0x07004440                __text_end = .

.rodata         0x07004440     0x32c4
 *(.rodata)
 .rodata        0x07004440     0x32c4 C:\users\greg\Temp\ccW8v2dg.o
                0x07004440                L_FRAME0
                0x07004444                L_FRAME1
                0x07004448                R_FRAME0
                0x0700444c                R_FRAME1
                0x07004450                BGMM
                0x07004454                WAM
                0x07004458                CLMN_TBL
                0x0700445c                OAM
                0x07004460                colTable
                0x070044e0                WAVEDATA1
                0x070044e4                WAVEDATA2
                0x070044e8                WAVEDATA3
                0x070044ec                WAVEDATA4
                0x070044f0                WAVEDATA5
                0x070044f4                MODDATA
                0x070044f8                SND_REGS
                0x070044fc                jump_addr
                0x07004510                HW_REGS
                0x07004514                EXPANSION
                0x07004518                WORKRAM
                0x0700451c                SAVERAM
                0x07004520                nums
                0x07004530                WA
                0x07004534                cosine
                0x07004ad4                sine
                0x07005074                Fighter
                0x070051f8                Tree
                0x07005320                Phantron
                0x0700556c                GroundEffect
                0x07005598                Building
                0x07005704                PVB_FONT
 *all.rodata*(*)
 *(.roda)
 *(.rodata.*)
 *(.gnu.linkonce.r*)
                0x07007704                __data_lma = .

.data           0x05000000       0x48 load address 0x07007704
 *(.data)
 .data          0x05000000        0x0 c:/vbde/gccvb/bin/../lib/gcc/v810/4.4.2/../../../../v810/lib/crt0.o
 .data          0x05000000       0x48 C:\users\greg\Temp\ccW8v2dg.o
                0x05000000                VIP_REGS
                0x05000004                currentFrameBuffer
                0x05000008                movePath
 *(.data.*)
 *(.gnu.linkonce.d*)

.sdata
 *(.sdata)
                0x05000048                __data_end = .

.sbss
 *(.sbss)
 *(.scommon)

.bss            0x05000048     0x4f18 load address 0x0700774c
 *(.dynbss)
 *(.bss)
 .bss           0x05000048        0x0 c:/vbde/gccvb/bin/../lib/gcc/v810/4.4.2/../../../../v810/lib/crt0.o
 .bss           0x05000048       0x3c C:\users\greg\Temp\ccW8v2dg.o
                0x05000048                oldkeydown
                0x0500004a                oldkeyup
                0x0500004c                tcr_val
                0x05000050                numVertices
                0x05000054                nextFrameBuffer
                0x05000058                FPS
                0x05000059                frameSkip
                0x0500005a                frameSkipCount
                0x0500005c                tick
                0x05000060                tickStart
                0x05000064                tickEnd
                0x05000068                tickDraw
                0x0500006c                tickRender
                0x05000070                tickProject
                0x05000074                movePathIdx
                0x05000075                enemyTableCount
 *(COMMON)
 COMMON         0x05000084     0x4edc C:\users\greg\Temp\ccW8v2dg.o
                0x05000084                buttons
                0x05000088                enemyTable
                0x050000b0                vertexBuffer
                0x05004ed0                cam
                0x0700774c                v = (__data_lma + (__data_end - __data_start))
                [0x00007fff]                v = (v + 0x21f)
                [0x00007fff]                v = (v & 0xffffff)
                [0x00007fff]                v = (v | (v >> 0x1))
                [0x00007fff]                v = (v | (v >> 0x2))
                [0x00007fff]                v = (v | (v >> 0x4))
                [0x00007fff]                v = (v | (v >> 0x8))
                [0x00007fff]                v = (v | (v >> 0x10))
                0x07007fff                __vectors_end = (__text_start + v)
                0x07007de0                __vectors_lma = (__vectors_end - 0x21f)

.vectors        0x07007de0      0x220
 *(.vectors)
 .vectors       0x07007de0      0x220 c:/vbde/gccvb/bin/../lib/gcc/v810/4.4.2/../../../../v810/lib/crt0.o
                0x07007de0                rom_header
OUTPUT(Combat.o elf32-v810)

.comment        0x00000000       0x11
 .comment       0x00000000       0x11 C:\users\greg\Temp\ccW8v2dg.o
                                 0x12 (size before relaxing)
