
Allocating common symbols
Common symbol       size              file

buttons             0x2               C:\users\greg\Temp\ccEcTHh3.o
enemyTable          0x28              C:\users\greg\Temp\ccEcTHh3.o
vertexBuffer        0x4e20            C:\users\greg\Temp\ccEcTHh3.o
laserTable          0x14              C:\users\greg\Temp\ccEcTHh3.o
cam                 0x90              C:\users\greg\Temp\ccEcTHh3.o

Memory Configuration

Name             Origin             Length             Attributes
wram             0x05000000         0x00010000         !r
rom              0x07000000         0x01000000         xr
*default*        0x00000000         0xffffffff

Linker script and memory map

LOAD c:/vbde/gccvb/bin/../lib/gcc/v810/4.4.2/../../../../v810/lib/crt0.o
LOAD C:\users\greg\Temp\ccEcTHh3.o
TARGET(elf32-v810)
                0x07000000                __text_start = 0x7000000
                0x05000000                __data_start = 0x5000000
                0x05008000                __gp = (__data_start + 0x8000)
                0x07000000                . = __text_start

.text           0x07000000     0x488c
 *(.text)
 .text          0x07000000      0x28e c:/vbde/gccvb/bin/../lib/gcc/v810/4.4.2/../../../../v810/lib/crt0.o
                0x07000000                start
                0x07000180                _inthnd
 *fill*         0x0700028e        0x2 ff
 .text          0x07000290     0x45fc C:\users\greg\Temp\ccEcTHh3.o
                0x07000290                vbWaitFrame
                0x07000300                vbDisplayOn
                0x070004c8                vbDisplayOff
                0x07000540                vbDisplayShow
                0x0700058c                vbDisplayHide
                0x070005cc                vbFXFadeIn
                0x07000678                vbFXFadeOut
                0x0700072c                vbSetColTable
                0x0700084c                affine_clr_param
                0x070008d8                affine_scale
                0x07000ac4                affine_fast_scale
                0x07000bec                set_intlevel
                0x07000c10                get_intlevel
                0x07000c28                vbReadPad
                0x07000c94                vbPadKeyDown
                0x07000cf8                vbPadKeyUp
                0x07000d5c                copymem
                0x07000dbc                setmem
                0x07000e0c                addmem
                0x07000f70                cls
                0x07000f9c                vbTextOut
                0x07001044                vbPrint
                0x070011bc                vbSetObject
                0x070012b0                randseed
                0x0700134c                randnum
                0x07001364                vbSetWorld
                0x07001538                timer_enable
                0x070015b0                timer_get
                0x070015e4                timer_set
                0x0700162c                timer_freq
                0x070016a4                timer_int
                0x0700171c                timer_getstat
                0x0700173c                timer_clearstat
                0x0700176c                g3d_copyVector3d
                0x070017a8                g3d_scale
                0x07001864                g3d_rotateXAxis
                0x070018ec                g3d_rotateYAxis
                0x07001974                g3d_rotateZAxis
                0x070019fc                g3d_rotateAllAxis
                0x07001b84                g3d_translate
                0x07001bc8                g3d_cameraRotateAllAxis
                0x07001c44                g3d_cameraTranslate
                0x07001c88                g3d_renderVector3d
                0x07001fcc                g3d_calculateProjection
                0x0700205c                g3d_drawObject
                0x07002334                g3d_clipObject
                0x070024f0                g3d_clipZAxis
                0x070026ac                drawPoint
                0x07002834                g3d_drawLine
                0x07002b68                g3d_initObject
                0x07002c68                g3d_moveObject
                0x070030ac                g3d_moveCamera
                0x0700347c                main
                0x07003c94                doLaserFire
                0x07003e88                doMoveEnemy
                0x07003f88                doGroundEffects
                0x070040cc                timeHnd
                0x07004154                handleInput
                0x0700455c                initObjects
                0x0700460c                vbInit
                0x07004790                screenControl
 *(.text.*)
 *(.gnu.warning)
 *(.gnu.linkonce.t*)
                0x0700488c                __text_end = .

.rodata         0x0700488c     0x332c
 *(.rodata)
 .rodata        0x0700488c     0x332c C:\users\greg\Temp\ccEcTHh3.o
                0x0700488c                L_FRAME0
                0x07004890                L_FRAME1
                0x07004894                R_FRAME0
                0x07004898                R_FRAME1
                0x0700489c                BGMM
                0x070048a0                WAM
                0x070048a4                CLMN_TBL
                0x070048a8                OAM
                0x070048ac                colTable
                0x0700492c                WAVEDATA1
                0x07004930                WAVEDATA2
                0x07004934                WAVEDATA3
                0x07004938                WAVEDATA4
                0x0700493c                WAVEDATA5
                0x07004940                MODDATA
                0x07004944                SND_REGS
                0x07004948                jump_addr
                0x0700495c                HW_REGS
                0x07004960                EXPANSION
                0x07004964                WORKRAM
                0x07004968                SAVERAM
                0x0700496c                nums
                0x0700497c                WA
                0x07004980                cosine
                0x07004f20                sine
                0x070054c0                Fighter
                0x07005644                Tree
                0x0700576c                Phantron
                0x070059b8                GroundEffect
                0x070059e4                Building
                0x07005b50                Laser
                0x07005bac                PVB_FONT
 *all.rodata*(*)
 *(.roda)
 *(.rodata.*)
 *(.gnu.linkonce.r*)
                0x07007bb8                __data_lma = .

.data           0x05000000       0x48 load address 0x07007bb8
 *(.data)
 .data          0x05000000        0x0 c:/vbde/gccvb/bin/../lib/gcc/v810/4.4.2/../../../../v810/lib/crt0.o
 .data          0x05000000       0x48 C:\users\greg\Temp\ccEcTHh3.o
                0x05000000                VIP_REGS
                0x05000004                currentFrameBuffer
                0x05000008                movePath
 *(.data.*)
 *(.gnu.linkonce.d*)

.sdata
 *(.sdata)
                0x05000048                __data_end = .

.sbss
 *(.sbss)
 *(.scommon)

.bss            0x05000048     0x4f20 load address 0x07007c00
 *(.dynbss)
 *(.bss)
 .bss           0x05000048        0x0 c:/vbde/gccvb/bin/../lib/gcc/v810/4.4.2/../../../../v810/lib/crt0.o
 .bss           0x05000048       0x30 C:\users\greg\Temp\ccEcTHh3.o
                0x05000048                oldkeydown
                0x0500004a                oldkeyup
                0x0500004c                tcr_val
                0x05000050                numVertices
                0x05000054                nextFrameBuffer
                0x05000058                frameSkip
                0x05000059                fireLaser
                0x0500005a                frameSkipCount
                0x0500005c                tick
                0x05000060                tickStart
                0x05000064                tickEnd
                0x05000068                movePathIdx
                0x05000069                enemyTableCount
                0x0500006a                laserTableCount
 *(COMMON)
 COMMON         0x05000078     0x4ef0 C:\users\greg\Temp\ccEcTHh3.o
                0x05000078                buttons
                0x0500007c                enemyTable
                0x050000a4                vertexBuffer
                0x05004ec4                laserTable
                0x05004ed8                cam
                0x07007c00                v = (__data_lma + (__data_end - __data_start))
                [0x00007fff]                v = (v + 0x21f)
                [0x00007fff]                v = (v & 0xffffff)
                [0x00007fff]                v = (v | (v >> 0x1))
                [0x00007fff]                v = (v | (v >> 0x2))
                [0x00007fff]                v = (v | (v >> 0x4))
                [0x00007fff]                v = (v | (v >> 0x8))
                [0x00007fff]                v = (v | (v >> 0x10))
                0x07007fff                __vectors_end = (__text_start + v)
                0x07007de0                __vectors_lma = (__vectors_end - 0x21f)

.vectors        0x07007de0      0x220
 *(.vectors)
 .vectors       0x07007de0      0x220 c:/vbde/gccvb/bin/../lib/gcc/v810/4.4.2/../../../../v810/lib/crt0.o
                0x07007de0                rom_header
OUTPUT(Combat.o elf32-v810)

.comment        0x00000000       0x11
 .comment       0x00000000       0x11 C:\users\greg\Temp\ccEcTHh3.o
                                 0x12 (size before relaxing)
